
> plus-folio@0.1.0 build
> next build

Γû▓ Next.js 16.1.6 (Turbopack)
- Environments: .env.local, .env

  Creating an optimized production build ...
Γ£ô Compiled successfully in 4.3s
  Running TypeScript ...
node.exe : Failed to compile.
At C:\Program Files\nodejs\npm.ps1:29 char:3
+   & $NODE_EXE $NPM_CLI_JS $args
+   ~~~~~~~~~~~~~~~~~~~~~~~~~~~~~
    + CategoryInfo          : NotSpecified: (Failed to 
    compile.:String) [], RemoteException
    + FullyQualifiedErrorId : NativeCommandError
 

./components/features/InstrumentChart.tsx:70:29
Type error: Type '(value: number) => [string, 
"Price"]' is not assignable to type 'Formatter<number, 
"Price"> & ((value: number, name: "Price", item: 
Payload<number, "Price">, index: number, payload: 
Payload<number, "Price">[]) => ReactNode | [...])'.
  Type '(value: number) => [string, "Price"]' is not 
assignable to type 'Formatter<number, "Price">'.
    Types of parameters 'value' and 'value' are 
incompatible.
      Type 'number | undefined' is not assignable to 
type 'number'.
        Type 'undefined' is not assignable to type 
'number'.

[0m [90m 68 |[39m                         
[33m<[39m[33mTooltip[39m
 [90m 69 |[39m                             
contentStyle[33m=[39m{{ borderRadius[33m:[39m 
[32m"8px"[39m[33m,[39m border[33m:[39m 
[32m"none"[39m[33m,[39m boxShadow[33m:[39m 
[32m"0 4px 6px -1px rgb(0 0 0 / 0.1)"[39m }}
[31m[1m>[22m[39m[90m 70 |[39m                    
         formatter[33m=[39m{(value[33m:[39m 
number) [33m=>[39m 
[[32m`Γé╣${value.toFixed(2)}`[39m[33m,[39m 
[32m"Price"[39m]}
 [90m    |[39m                             
[31m[1m^[22m[39m
 [90m 71 |[39m                         
[33m/[39m[33m>[39m
 [90m 72 |[39m                         
[33m<[39m[33mArea[39m
 [90m 73 |[39m                             
type[33m=[39m[32m"monotone"[39m[0m
Next.js build worker exited with code: 1 and signal: 
null
