Initializing Prisma Client...
node.exe : D:\Startup\REIT-1\node_modules\.prisma\clien
t\runtime\client.js:70
At C:\Program Files\nodejs\npx.ps1:29 char:3
+   & $NODE_EXE $NPX_CLI_JS $args
+   ~~~~~~~~~~~~~~~~~~~~~~~~~~~~~
    + CategoryInfo          : NotSpecified: (D:\Startu 
   p\REIT...me\client.js:70:String) [], RemoteExcepti  
  on
    + FullyQualifiedErrorId : NativeCommandError
 
Read more at https://pris.ly/d/client-constructor`),thi
s.name="PrismaClientConstructorValidationError"}get[Sym
bol.toStringTag](){return"PrismaClientConstructorValida
tionError"}};lt(S,"PrismaClientConstructorValidationErr
or");var pl=["errorFormat","adapter","accelerateUrl","l
og","transactionOptions","omit","comments","__internal"
],dl=["pretty","colorless","minimal"],ml=["info","query
","warn","error"],$d={adapter:()=>{},accelerateUrl:e=>{
if(e!==void 0){if(typeof e!="string")throw new 
S(`Invalid value ${JSON.stringify(e)} for 
"accelerateUrl" provided to PrismaClient 
constructor.`);if(e.trim().length===0)throw new 
S('"accelerateUrl" provided to PrismaClient 
constructor must be a non-empty 
string.')}},errorFormat:e=>{if(e){if(typeof 
e!="string")throw new S(`Invalid value 
${JSON.stringify(e)} for "errorFormat" provided to 
PrismaClient constructor.`);if(!dl.includes(e)){let 
t=Nt(e,dl);throw new S(`Invalid errorFormat ${e} 
provided to PrismaClient constructor.${t}`)}}},log:e=>{
if(!e)return;if(!Array.isArray(e))throw new S(`Invalid 
value ${JSON.stringify(e)} for "log" provided to 
PrismaClient constructor.`);function t(r){if(typeof 
r=="string"&&!ml.includes(r)){let n=Nt(r,ml);throw new 
S(`Invalid log level "${r}" provided to PrismaClient 
constructor.${n}`)}}for(let r of e){t(r);let 
n={level:t,emit:i=>{let 
o=["stdout","event"];if(!o.includes(i)){let 
s=Nt(i,o);throw new S(`Invalid value 
${JSON.stringify(i)} for "emit" in logLevel provided 
to PrismaClient constructor.${s}`)}}};if(r&&typeof 
r=="object")for(let[i,o]of 
Object.entries(r))if(n[i])n[i](o);else throw new 
S(`Invalid property ${i} for "log" provided to 
PrismaClient constructor`)}},transactionOptions:e=>{if(
!e)return;let t=e.maxWait;if(t!=null&&t<=0)throw new 
S(`Invalid value ${t} for maxWait in 
"transactionOptions" provided to PrismaClient 
constructor. maxWait needs to be greater than 0`);let 
r=e.timeout;if(r!=null&&r<=0)throw new S(`Invalid 
value ${r} for timeout in "transactionOptions" 
provided to PrismaClient constructor. timeout needs to 
be greater than 0`)},omit:(e,t)=>{if(typeof 
e!="object")throw new S('"omit" option is expected to 
be an object.');if(e===null)throw new S('"omit" option 
can not be `null`');let r=[];for(let[n,i]of 
Object.entries(e)){let o=Ud(n,t.runtimeDataModel);if(!o
){r.push({kind:"UnknownModel",modelKey:n});continue}for
(let[s,a]of Object.entries(i)){let l=o.fields.find(c=>c
.name===s);if(!l){r.push({kind:"UnknownField",modelKey:
n,fieldName:s});continue}if(l.relationName){r.push({kin
d:"RelationInOmit",modelKey:n,fieldName:s});continue}ty
peof a!="boolean"&&r.push({kind:"InvalidFieldValue",mod
elKey:n,fieldName:s})}}if(r.length>0)throw new 
S(jd(e,r))},comments:e=>{if(e!==void 
0){if(!Array.isArray(e))throw new S(`Invalid value 
${JSON.stringify(e)} for "comments" provided to 
PrismaClient constructor. Expected an array of SQL 
commenter plugins.`);for(let 
t=0;t<e.length;t++)if(typeof e[t]!="function")throw 
new S(`Invalid value at index ${t} for "comments" 
provided to PrismaClient constructor. Each plugin must 
be a function.`)}},__internal:e=>{if(!e)return;let 
t=["debug","engine","configOverride"];if(typeof 
e!="object")throw new S(`Invalid value 
${JSON.stringify(e)} for "__internal" to PrismaClient 
constructor`);for(let[r]of 
Object.entries(e))if(!t.includes(r)){let 
n=Nt(r,t);throw new S(`Invalid property 
${JSON.stringify(r)} for "__internal" provided to 
PrismaClient constructor.${n}`)}}};function qd(e){let 
t=e.adapter!==void 0,r=e.accelerateUrl!==void 
0;if(t&&r)throw new S('The "adapter" and 
"accelerateUrl" options are mutually exclusive. Please 
provide only one of them.');if(!t&&!r)throw new 
S('Using engine type "client" requires either 
"adapter" or "accelerateUrl" to be provided to 
PrismaClient constructor.')}function 
yl(e,t){for(let[r,n]of 
Object.entries(e)){if(!pl.includes(r)){let 
i=Nt(r,pl);throw new S(`Unknown property ${r} provided 
to PrismaClient 
constructor.${i}`)}$d[r](n,t)}qd(e)}function 
Nt(e,t){if(t.length===0||typeof 
e!="string")return"";let r=Vd(e,t);return r?` Did you 
mean "${r}"?`:""}function 
Vd(e,t){if(t.length===0)return null;let r=t.map(i=>({va
lue:i,distance:(0,gl.default)(e,i)}));r.sort((i,o)=>i.d
istance<o.distance?-1:1);let n=r[0];return 
n.distance<3?n.value:null}function Ud(e,t){return 
fl(t.models,e)??fl(t.types,e)}function fl(e,t){let 
r=Object.keys(e).find(n=>oe(n)===t);if(r)return 
e[r]}function jd(e,t){let r=Ne(e);for(let o of t)switch
(o.kind){case"UnknownModel":r.arguments.getField(o.mode
lKey)?.markAsError(),r.addErrorMessage(()=>`Unknown 
model name: ${o.modelKey}.`);break;case"UnknownField":r
.arguments.getDeepField([o.modelKey,o.fieldName])?.mark
AsError(),r.addErrorMessage(()=>`Model "${o.modelKey}" 
does not have a field named "${o.fieldName}".`);break;c
ase"RelationInOmit":r.arguments.getDeepField([o.modelKe
y,o.fieldName])?.markAsError(),r.addErrorMessage(()=>'R
elations are already excluded by default and can not 
be specified in "omit".');break;case"InvalidFieldValue"
:r.arguments.getDeepFieldValue([o.modelKey,o.fieldName]
)?.markAsError(),r.addErrorMessage(()=>"Omit field 
option value must be a boolean.");break}let{message:n,a
rgs:i}=tr(r,"colorless");return`Error validating 
"omit" option:
                                                       
                                                       
                                                       
                                                       
                                                       
                                                       
                                                       
                                                       
                                                       
                                                       
                                                       
                                                       
                                                       
                                                       
                                                       
                                                       
                                                       
                                                       
                              

PrismaClientConstructorValidationError: Unknown 
property datasources provided to PrismaClient 
constructor.
Read more at https://pris.ly/d/client-constructor
    at yl (D:\Startup\REIT-1\node_modules\.prisma\clien
t\runtime\client.js:70:3832)
    at new t (D:\Startup\REIT-1\node_modules\.prisma\cl
ient\runtime\client.js:74:1241)
    at prismaClientSingleton 
(D:\Startup\REIT-1\lib\prisma.ts:8:12)
    at <anonymous> 
(D:\Startup\REIT-1\lib\prisma.ts:21:37)
    at Object.<anonymous> 
(D:\Startup\REIT-1\lib\prisma.ts:25:64)
    at Module._compile 
(node:internal/modules/cjs/loader:1730:14)
    at Object.transformer (C:\Users\crish\AppData\Local
\npm-cache\_npx\fd45a72a545557e9\node_modules\tsx\dist\
register-D46fvsV_.cjs:3:1104)
    at Module.load 
(node:internal/modules/cjs/loader:1465:32)
    at Function._load 
(node:internal/modules/cjs/loader:1282:12)
    at TracingChannel.traceSync 
(node:diagnostics_channel:322:14)

Node.js v22.15.0
